=== T2 log: 01_dirty_read ===
mysql: [Warning] Using a password on the command line interface can be insecure.
--------------
SET SESSION TRANSACTION ISOLATION LEVEL READ UNCOMMITTED
--------------

--------------
BEGIN
--------------

--------------
SELECT CONCAT('[T2] read BEFORE T1 update: ', balance) AS info FROM accounts WHERE id=1
--------------

info
[T2] read BEFORE T1 update: 100
--------------
SELECT CONCAT('[T2] read WHILE T1 open (dirty read!): ', balance) AS info FROM accounts WHERE id=1
--------------

info
[T2] read WHILE T1 open (dirty read!): 999
--------------
SELECT CONCAT('[T2] read AFTER T1 rollback: ', balance, ' (was 999, now reverted)') AS info FROM accounts WHERE id=1
--------------

info
[T2] read AFTER T1 rollback: 100 (was 999, now reverted)
--------------
COMMIT
--------------

